// Jest Snapshot v1, https://goo.gl/fbAQLP

exports[`toEqualUrl should return false if it does not match the Url 1`] = `"'http://i-do-not-exist.com/2.html' expects not the current Url: 'http://i-do-not-exist.com/1.html'"`;

exports[`toEqualUrl should return true if it matches the Url 1`] = `"'http://i-do-not-exist.com/1.html' matches the given Url."`;
