// Jest Snapshot v1, https://goo.gl/fbAQLP

exports[`toHaveFocus negative: target element don't have focus 1`] = `
"[2mexpect([22m[31mreceived[39m[2m).[22mtoHaveFocus[2m([22m[32mexpected[39m[2m)[22m

Expected: element to have focus"
`;

exports[`toHaveFocus negative: target element not found 1`] = `
"[2mexpect([22m[31mreceived[39m[2m).[22mtoHaveFocus[2m([22m[32mexpected[39m[2m)[22m

Expected: element to have focus
Received: element was not found"
`;

exports[`toHaveFocus timeout should throw an error after the timeout exceeds 1`] = `
"[2mexpect([22m[31mreceived[39m[2m).[22mtoHaveFocus[2m([22m[32mexpected[39m[2m)[22m

Expected: element to have focus
Received: element was not found"
`;

exports[`toHaveFocus with 'not' usage negative: target element has focus 1`] = `
"[2mexpect([22m[31mreceived[39m[2m).[22mnot[2m.[22mtoHaveFocus[2m([22m[32mexpected[39m[2m)[22m

Expected: element to not have focus"
`;
