// Jest Snapshot v1, https://goo.gl/fbAQLP

exports[`toBeChecked element negative: target element isn't checked 1`] = `"TypeError: Cannot read property 'constructor' of undefined"`;

exports[`toBeChecked selector negative: target element isn't checked 1`] = `
"[2mexpect([22m[31mreceived[39m[2m).[22mtoBeChecked[2m([22m[32mexpected[39m[2m)[22m

Expected: [32mtrue[39m
Received: [31mfalse[39m"
`;

exports[`toBeChecked selector negative: target element not found 1`] = `"Error: Timeout exceed for element 'input'"`;

exports[`toBeChecked timeout should throw an error after the timeout exceeds 1`] = `"Error: Timeout exceed for element 'input'"`;

exports[`toBeChecked with 'not' usage negative 1`] = `
"[2mexpect([22m[31mreceived[39m[2m).[22mnot[2m.[22mtoBeChecked[2m([22m[32mexpected[39m[2m)[22m

Expected: not [32mtrue[39m"
`;
